
> internhub-v2@0.1.0 build
> next build

Γû▓ Next.js 16.1.6 (Turbopack)
- Environments: .env.local

  Creating an optimized production build ...
Γ£ô Compiled successfully in 3.8s
  Running TypeScript ...
node.exe : Failed to compile.
At line:1 char:1
+ & "C:\DSA\.vscode/node.exe" 
"C:\Users\palap\AppData\Roaming\npm/node_ ...
+ ~~~~~~~~~~~~~~~~~~~~~~~~~~~~~~~~~~~~~~~~~~~~~~~
~~~~~~~~~~~~~~~~~~~~~~
    + CategoryInfo          : NotSpecified: (Fai 
   led to compile.:String) [], RemoteException
    + FullyQualifiedErrorId : NativeCommandError
 

.next/dev/types/validator.ts:107:39
Type error: Cannot find module 
'../../../src/app/api/cron/route.js' or its 
corresponding type declarations.

[0m [90m 105 |[39m {
 [90m 106 |[39m   type 
__IsExpected[33m<[39m[33mSpecific[39m 
[36mextends[39m [33mRouteHandlerConfig[39m[3
3m<[39m[32m"/api/cron"[39m[33m>>[39m 
[33m=[39m [33mSpecific[39m
[31m[1m>[22m[39m[90m 107 |[39m   
[36mconst[39m handler [33m=[39m {} 
[36mas[39m [36mtypeof[39m [36mimport[39m([
32m"../../../src/app/api/cron/route.js"[39m)
 [90m     |[39m                                
       [31m[1m^[22m[39m
 [90m 108 |[39m   type __Check [33m=[39m 
__IsExpected[33m<[39m[36mtypeof[39m 
handler[33m>[39m
 [90m 109 |[39m   [90m// @ts-ignore[39m
 [90m 110 |[39m   type __Unused [33m=[39m 
__Check[0m
Next.js build worker exited with code: 1 and 
signal: null
